// Jest Snapshot v1, https://goo.gl/fbAQLP

exports[`ProjectAttachments renders correctly 1`] = `
<DocumentFragment>
  <div
    class="MuiBox-root MuiBox-root-1"
  >
    <div
      class="MuiBox-root MuiBox-root-2"
    >
      <div
        class="MuiBox-root MuiBox-root-3"
      >
        <h2
          class="MuiTypography-root MuiTypography-h2"
        >
          Project Attachments
        </h2>
      </div>
      <div
        class="MuiBox-root MuiBox-root-4"
      >
        <button
          class="MuiButtonBase-root MuiButton-root MuiButton-outlined"
          tabindex="0"
          type="button"
        >
          <span
            class="MuiButton-label"
          >
            <svg
              role="presentation"
              style="width: 1.5rem; height: 1.5rem;"
              viewBox="0 0 24 24"
            >
              <path
                d="M9,10V16H15V10H19L12,3L5,10H9M12,5.8L14.2,8H13V14H11V8H9.8L12,5.8M19,18H5V20H19V18Z"
                style="fill: currentColor;"
              />
            </svg>
            <p
              class="MuiTypography-root MuiTypography-body1"
            >
              Upload
            </p>
          </span>
          <span
            class="MuiTouchRipple-root"
          />
        </button>
      </div>
    </div>
  </div>
  <div
    class="MuiBox-root MuiBox-root-5"
  >
    <div
      class="MuiPaper-root MuiPaper-elevation1 MuiPaper-rounded"
    >
      <div
        class="MuiBox-root MuiBox-root-6"
      >
        Attachments list placeholder
      </div>
    </div>
  </div>
</DocumentFragment>
`;
