// Jest Snapshot v1, https://goo.gl/fbAQLP

exports[`ProjectDetails renders correctly 1`] = `
<DocumentFragment>
  <div
    class="MuiBox-root css-0"
  >
    <div
      class="MuiToolbar-root MuiToolbar-gutters MuiToolbar-regular css-hyum1k-MuiToolbar-root"
    >
      <h3
        class="MuiTypography-root MuiTypography-h4 css-1n3azvr-MuiTypography-root"
      >
        Project Details
      </h3>
    </div>
    <hr
      class="MuiDivider-root MuiDivider-fullWidth css-9mgopn-MuiDivider-root"
    />
    <div
      class="makeStyles-projectMetadata-1 MuiBox-root css-19kzrtu"
    >
      <section
        class="MuiBox-root css-0"
      >
        <h4
          class="MuiTypography-root MuiTypography-body1 makeStyles-projectMetaSectionHeader-2 css-ewuypk-MuiTypography-root"
        >
          Project Objectives
        </h4>
        <hr
          class="MuiDivider-root MuiDivider-fullWidth css-9mgopn-MuiDivider-root"
        />
        <p
          class="MuiTypography-root MuiTypography-body1 css-1jwtxlz-MuiTypography-root"
        >
          Et ad et in culpa si
        </p>
      </section>
      <section
        class="MuiBox-root css-0"
      >
        <h4
          class="MuiTypography-root MuiTypography-body1 makeStyles-projectMetaSectionHeader-2 css-ewuypk-MuiTypography-root"
        >
          General Information
        </h4>
        <hr
          class="MuiDivider-root MuiDivider-fullWidth css-9mgopn-MuiDivider-root"
        />
        <dl
          class="MuiBox-root css-1mgrf5c"
        >
          <div
            class="MuiGrid-root MuiGrid-container MuiGrid-spacing-xs-1 css-a5rdam-MuiGrid-root"
          >
            <div
              class="MuiGrid-root MuiGrid-item MuiGrid-grid-sm-6 css-1wyczmb-MuiGrid-root"
            >
              <dt
                class="MuiTypography-root MuiTypography-subtitle2 css-h3wl1a-MuiTypography-root"
              >
                Program
              </dt>
              <dd
                class="MuiTypography-root MuiTypography-body1 css-ewuypk-MuiTypography-root"
              >
                No Programs
              </dd>
            </div>
            <div
              class="MuiGrid-root MuiGrid-item MuiGrid-grid-sm-6 css-1wyczmb-MuiGrid-root"
            >
              <dt
                class="MuiTypography-root MuiTypography-subtitle2 css-h3wl1a-MuiTypography-root"
              >
                Timeline
              </dt>
              <dd
                class="MuiTypography-root MuiTypography-body1 css-ewuypk-MuiTypography-root"
              >
                Oct 10, 1998 - Feb 26, 2021
              </dd>
            </div>
            <div
              class="MuiGrid-root MuiGrid-item MuiGrid-grid-sm-12 css-1wcgocn-MuiGrid-root"
            >
              <dt
                class="MuiTypography-root MuiTypography-subtitle2 css-h3wl1a-MuiTypography-root"
              >
                Types
              </dt>
              <dd
                class="MuiTypography-root MuiTypography-body1 css-ewuypk-MuiTypography-root"
              >
                Type code
              </dd>
            </div>
          </div>
        </dl>
      </section>
      <section
        class="MuiBox-root css-0"
      >
        <h4
          class="MuiTypography-root MuiTypography-body1 makeStyles-projectMetaSectionHeader-2 css-ewuypk-MuiTypography-root"
        >
          Project Coordinator
        </h4>
        <hr
          class="MuiDivider-root MuiDivider-fullWidth css-9mgopn-MuiDivider-root"
        />
        <div
          class="MuiBox-root css-0"
        >
          <div
            class="MuiTypography-root MuiTypography-body1 css-ewuypk-MuiTypography-root"
          >
            Amanda Christensen
          </div>
          <div
            class="MuiTypography-root MuiTypography-body1 css-ewuypk-MuiTypography-root"
          >
            Amanda and associates
          </div>
          <div
            class="MuiTypography-root MuiTypography-body1 css-ewuypk-MuiTypography-root"
          >
            <a
              class="MuiTypography-root MuiTypography-inherit MuiLink-root MuiLink-underlineAlways css-1uwuike-MuiTypography-root-MuiLink-root"
              href="mailto:amanda@christensen.com"
            >
              amanda@christensen.com
            </a>
          </div>
        </div>
      </section>
      <section
        class="MuiBox-root css-0"
      >
        <h4
          class="MuiTypography-root MuiTypography-body1 makeStyles-projectMetaSectionHeader-2 css-ewuypk-MuiTypography-root"
        >
          Funding Sources
        </h4>
        <hr
          class="MuiDivider-root MuiDivider-fullWidth css-9mgopn-MuiDivider-root"
        />
        <ul
          class="MuiList-root css-1mk9mw3-MuiList-root"
        >
          <li
            class="MuiListItem-root MuiListItem-padding MuiListItem-divider css-2056f8-MuiListItem-root"
          >
            <div
              class="MuiBox-root css-11qjisw"
            >
              <div
                class="MuiBox-root css-l57rop"
              >
                <span
                  class="MuiTypography-root MuiTypography-body1 css-ewuypk-MuiTypography-root"
                >
                  agency name
                  <span
                    class="MuiTypography-root MuiTypography-body1 css-ewuypk-MuiTypography-root"
                  >
                     (investment action)
                  </span>
                </span>
              </div>
              <dl
                class="MuiBox-root css-dpoqzr"
              >
                <div
                  class="MuiGrid-root MuiGrid-container MuiGrid-spacing-xs-1 css-a5rdam-MuiGrid-root"
                >
                  <div
                    class="MuiGrid-root MuiGrid-item MuiGrid-grid-sm-6 css-1wyczmb-MuiGrid-root"
                  >
                    <dt
                      class="MuiTypography-root MuiTypography-subtitle2 css-h3wl1a-MuiTypography-root"
                    >
                      Project ID
                    </dt>
                    <dd
                      class="MuiTypography-root MuiTypography-body1 css-ewuypk-MuiTypography-root"
                    >
                      ABC123
                    </dd>
                  </div>
                  <div
                    class="MuiGrid-root MuiGrid-item MuiGrid-grid-sm-6 css-1wyczmb-MuiGrid-root"
                  >
                    <dt
                      class="MuiTypography-root MuiTypography-subtitle2 css-h3wl1a-MuiTypography-root"
                    >
                      Timeline
                    </dt>
                    <dd
                      class="MuiTypography-root MuiTypography-body1 css-ewuypk-MuiTypography-root"
                    >
                      Apr 14, 2000 - Apr 13, 2021
                    </dd>
                  </div>
                  <div
                    class="MuiGrid-root MuiGrid-item MuiGrid-grid-sm-12 css-1wcgocn-MuiGrid-root"
                  >
                    <dt
                      class="MuiTypography-root MuiTypography-subtitle2 css-h3wl1a-MuiTypography-root"
                    >
                      Funding Amount
                    </dt>
                    <dd
                      class="MuiTypography-root MuiTypography-body1 css-ewuypk-MuiTypography-root"
                    >
                      $333
                    </dd>
                  </div>
                </div>
              </dl>
            </div>
          </li>
        </ul>
      </section>
      <section
        class="MuiBox-root css-0"
      >
        <h4
          class="MuiTypography-root MuiTypography-body1 makeStyles-projectMetaSectionHeader-2 css-ewuypk-MuiTypography-root"
        >
          Partnerships
        </h4>
        <hr
          class="MuiDivider-root MuiDivider-fullWidth css-9mgopn-MuiDivider-root"
        />
        <dl
          class="MuiBox-root css-1mgrf5c"
        >
          <div
            class="MuiBox-root css-0"
          >
            <dt
              class="MuiTypography-root MuiTypography-subtitle2 css-h3wl1a-MuiTypography-root"
            >
              Indigenous
            </dt>
            <dd
              class="MuiTypography-root MuiTypography-body1 makeStyles-projectPartners-3 css-ewuypk-MuiTypography-root"
            >
              First nations code
            </dd>
            <dd
              class="MuiTypography-root MuiTypography-body1 makeStyles-projectPartners-3 css-ewuypk-MuiTypography-root"
            />
          </div>
          <div
            class="MuiBox-root css-164r41r"
          >
            <dt
              class="MuiTypography-root MuiTypography-subtitle2 css-h3wl1a-MuiTypography-root"
            >
              Other Partnerships
            </dt>
            <dd
              class="MuiTypography-root MuiTypography-body1 makeStyles-projectPartners-3 css-ewuypk-MuiTypography-root"
            >
              partner 3
            </dd>
            <dd
              class="MuiTypography-root MuiTypography-body1 makeStyles-projectPartners-3 css-ewuypk-MuiTypography-root"
            >
              partner 4
            </dd>
          </div>
        </dl>
      </section>
      <section
        class="MuiBox-root css-12595yo"
      >
        <h4
          class="MuiTypography-root MuiTypography-body1 makeStyles-projectMetaSectionHeader-2 css-ewuypk-MuiTypography-root"
        >
          IUCN Classification
        </h4>
        <hr
          class="MuiDivider-root MuiDivider-fullWidth css-9mgopn-MuiDivider-root"
        />
        <ul
          class="MuiList-root css-1mk9mw3-MuiList-root"
        >
          <li
            class="MuiListItem-root MuiListItem-padding MuiListItem-divider css-2056f8-MuiListItem-root"
          >
            <p
              class="MuiTypography-root MuiTypography-body1 css-ewuypk-MuiTypography-root"
            >
              IUCN class 1 
              <span>
                &gt;
              </span>
               IUCN subclass 1 - 1 
              <span>
                &gt;
              </span>
               IUCN subclass 2 - 1
            </p>
          </li>
          <li
            class="MuiListItem-root MuiListItem-padding MuiListItem-divider css-2056f8-MuiListItem-root"
          >
            <p
              class="MuiTypography-root MuiTypography-body1 css-ewuypk-MuiTypography-root"
            >
              undefined 
              <span>
                &gt;
              </span>
               IUCN subclass 1 - 2 
              <span>
                &gt;
              </span>
               IUCN subclass 2 - 2
            </p>
          </li>
        </ul>
      </section>
    </div>
  </div>
</DocumentFragment>
`;
