// Jest Snapshot v1, https://goo.gl/fbAQLP

exports[`ProjectDetails renders correctly 1`] = `
<DocumentFragment>
  <div
    class="MuiPaper-root MuiBox-root MuiBox-root-1 MuiPaper-elevation1 MuiPaper-rounded"
  >
    <h2
      class="MuiTypography-root MuiTypography-h2"
    >
      Project Details
    </h2>
    <section
      class="MuiBox-root MuiBox-root-2"
    >
      <div
        class="MuiBox-root MuiBox-root-3"
      >
        <div
          class="MuiToolbar-root MuiToolbar-regular"
          style="justify-content: space-between;"
        >
          <h3
            class="MuiTypography-root MuiTypography-h3 MuiTypography-colorInherit"
          >
            General Information
          </h3>
          <div
            class="MuiBox-root MuiBox-root-4"
          >
            <button
              aria-label="Edit General Information"
              class="MuiButtonBase-root MuiButton-root MuiButton-text sectionHeaderButton MuiButton-textPrimary"
              data-testid="h3-button-toolbar-Edit"
              id="h3-button-toolbar-Edit"
              tabindex="0"
              title="Edit General Information"
              type="button"
            >
              <span
                class="MuiButton-label"
              >
                <span
                  class="MuiButton-startIcon MuiButton-iconSizeMedium"
                >
                  <svg
                    role="presentation"
                    style="width: 1.3125rem; height: 1.3125rem;"
                    viewBox="0 0 24 24"
                  >
                    <path
                      d="M14.06,9L15,9.94L5.92,19H5V18.08L14.06,9M17.66,3C17.41,3 17.15,3.1 16.96,3.29L15.13,5.12L18.88,8.87L20.71,7.04C21.1,6.65 21.1,6 20.71,5.63L18.37,3.29C18.17,3.09 17.92,3 17.66,3M14.06,6.19L3,17.25V21H6.75L17.81,9.94L14.06,6.19Z"
                      style="fill: currentColor;"
                    />
                  </svg>
                </span>
                <strong>
                  Edit
                </strong>
              </span>
              <span
                class="MuiTouchRipple-root"
              />
            </button>
          </div>
        </div>
        <hr
          class="MuiDivider-root"
        />
        <dl>
          <div
            class="MuiGrid-root MuiGrid-container MuiGrid-spacing-xs-2"
          >
            <div
              class="MuiGrid-root MuiGrid-item MuiGrid-grid-xs-12 MuiGrid-grid-sm-6 MuiGrid-grid-md-4"
            >
              <dt
                class="MuiTypography-root MuiTypography-subtitle2 MuiTypography-colorTextSecondary"
              >
                Project Name
              </dt>
              <dd
                class="MuiTypography-root MuiTypography-body1"
              >
                Test Project Name
              </dd>
            </div>
            <div
              class="MuiGrid-root MuiGrid-item MuiGrid-grid-xs-12 MuiGrid-grid-sm-6 MuiGrid-grid-md-4"
            >
              <dt
                class="MuiTypography-root MuiTypography-subtitle2 MuiTypography-colorTextSecondary"
              >
                Project Type
              </dt>
              <dd
                class="MuiTypography-root MuiTypography-body1"
              >
                1
              </dd>
            </div>
            <div
              class="MuiGrid-root MuiGrid-item MuiGrid-grid-xs-12 MuiGrid-grid-sm-6 MuiGrid-grid-md-4"
            >
              <dt
                class="MuiTypography-root MuiTypography-subtitle2 MuiTypography-colorTextSecondary"
              >
                Timeline
              </dt>
              <dd
                class="MuiTypography-root MuiTypography-body1"
              >
                Oct 10, 1998 - Feb 26, 2021
              </dd>
            </div>
            <div
              class="MuiGrid-root MuiGrid-item MuiGrid-grid-xs-12 MuiGrid-grid-sm-6 MuiGrid-grid-md-4"
            >
              <dt
                class="MuiTypography-root MuiTypography-subtitle2 MuiTypography-colorTextSecondary"
              >
                Activities
              </dt>
              <dd
                class="MuiTypography-root MuiTypography-body1"
              >
                Activity code
              </dd>
            </div>
          </div>
        </dl>
      </div>
    </section>
    <section
      class="MuiBox-root MuiBox-root-5"
    >
      <div
        class="MuiBox-root MuiBox-root-6"
      >
        <div
          class="MuiToolbar-root MuiToolbar-regular"
          style="justify-content: space-between;"
        >
          <h3
            class="MuiTypography-root MuiTypography-h3 MuiTypography-colorInherit"
          >
            Objectives
          </h3>
          <div
            class="MuiBox-root MuiBox-root-7"
          >
            <button
              aria-label="Edit Project Objectives"
              class="MuiButtonBase-root MuiButton-root MuiButton-text sectionHeaderButton MuiButton-textPrimary"
              data-testid="h3-button-toolbar-Edit"
              id="h3-button-toolbar-Edit"
              tabindex="0"
              title="Edit Project Objectives"
              type="button"
            >
              <span
                class="MuiButton-label"
              >
                <span
                  class="MuiButton-startIcon MuiButton-iconSizeMedium"
                >
                  <svg
                    role="presentation"
                    style="width: 1.3125rem; height: 1.3125rem;"
                    viewBox="0 0 24 24"
                  >
                    <path
                      d="M14.06,9L15,9.94L5.92,19H5V18.08L14.06,9M17.66,3C17.41,3 17.15,3.1 16.96,3.29L15.13,5.12L18.88,8.87L20.71,7.04C21.1,6.65 21.1,6 20.71,5.63L18.37,3.29C18.17,3.09 17.92,3 17.66,3M14.06,6.19L3,17.25V21H6.75L17.81,9.94L14.06,6.19Z"
                      style="fill: currentColor;"
                    />
                  </svg>
                </span>
                <strong>
                  Edit
                </strong>
              </span>
              <span
                class="MuiTouchRipple-root"
              />
            </button>
          </div>
        </div>
        <hr
          class="MuiDivider-root"
        />
        <div
          class="MuiBox-root MuiBox-root-8"
        >
          <div
            class="MuiBox-root MuiBox-root-9"
          >
            <p
              class="MuiTypography-root MuiTypography-body1"
            >
              Et ad et in culpa si
            </p>
          </div>
          <div
            class="MuiBox-root MuiBox-root-10"
          >
            <p
              class="MuiTypography-root MuiTypography-body1"
            >
              sjwer bds
            </p>
          </div>
        </div>
      </div>
    </section>
    <section
      class="MuiBox-root MuiBox-root-11"
    >
      <div
        class="MuiBox-root MuiBox-root-12"
      >
        <div
          class="MuiToolbar-root MuiToolbar-regular"
          style="justify-content: space-between;"
        >
          <h3
            class="MuiTypography-root MuiTypography-h3 MuiTypography-colorInherit"
          >
            Project Contact
          </h3>
          <div
            class="MuiBox-root MuiBox-root-13"
          >
            <button
              aria-label="Edit Project Contact Information"
              class="MuiButtonBase-root MuiButton-root MuiButton-text sectionHeaderButton MuiButton-textPrimary"
              data-testid="h3-button-toolbar-Edit"
              id="h3-button-toolbar-Edit"
              tabindex="0"
              title="Edit Project Contact Information"
              type="button"
            >
              <span
                class="MuiButton-label"
              >
                <span
                  class="MuiButton-startIcon MuiButton-iconSizeMedium"
                >
                  <svg
                    role="presentation"
                    style="width: 1.3125rem; height: 1.3125rem;"
                    viewBox="0 0 24 24"
                  >
                    <path
                      d="M14.06,9L15,9.94L5.92,19H5V18.08L14.06,9M17.66,3C17.41,3 17.15,3.1 16.96,3.29L15.13,5.12L18.88,8.87L20.71,7.04C21.1,6.65 21.1,6 20.71,5.63L18.37,3.29C18.17,3.09 17.92,3 17.66,3M14.06,6.19L3,17.25V21H6.75L17.81,9.94L14.06,6.19Z"
                      style="fill: currentColor;"
                    />
                  </svg>
                </span>
                <strong>
                  Edit
                </strong>
              </span>
              <span
                class="MuiTouchRipple-root"
              />
            </button>
          </div>
        </div>
        <hr
          class="MuiDivider-root"
        />
        <dl>
          <div
            class="MuiGrid-root MuiGrid-container MuiGrid-spacing-xs-2"
          >
            <div
              class="MuiGrid-root MuiGrid-item MuiGrid-grid-xs-12 MuiGrid-grid-sm-6 MuiGrid-grid-md-4"
            >
              <dt
                class="MuiTypography-root MuiTypography-subtitle2 MuiTypography-colorTextSecondary"
              >
                Name
              </dt>
              <dd
                class="MuiTypography-root MuiTypography-body1"
              >
                Amanda Christensen
              </dd>
            </div>
            <div
              class="MuiGrid-root MuiGrid-item MuiGrid-grid-xs-12 MuiGrid-grid-sm-6 MuiGrid-grid-md-4"
            >
              <dt
                class="MuiTypography-root MuiTypography-subtitle2 MuiTypography-colorTextSecondary"
              >
                Email Address
              </dt>
              <dd
                class="MuiTypography-root MuiTypography-body1"
              >
                amanda@christensen.com
              </dd>
            </div>
            <div
              class="MuiGrid-root MuiGrid-item MuiGrid-grid-xs-12 MuiGrid-grid-sm-6 MuiGrid-grid-md-4"
            >
              <dt
                class="MuiTypography-root MuiTypography-subtitle2 MuiTypography-colorTextSecondary"
              >
                Agency
              </dt>
              <dd
                class="MuiTypography-root MuiTypography-body1"
              >
                Amanda and associates
              </dd>
            </div>
          </div>
        </dl>
      </div>
    </section>
    <section
      class="MuiBox-root MuiBox-root-14"
    >
      <div
        class="MuiToolbar-root MuiToolbar-regular"
        style="justify-content: space-between;"
      >
        <h3
          class="MuiTypography-root MuiTypography-h3 MuiTypography-colorInherit"
        >
          IUCN Conservation Actions Classification
        </h3>
        <div
          class="MuiBox-root MuiBox-root-16"
        >
          <button
            aria-label="Edit IUCN Classifications"
            class="MuiButtonBase-root MuiButton-root MuiButton-text sectionHeaderButton MuiButton-textPrimary"
            data-testid="h3-button-toolbar-Edit"
            id="h3-button-toolbar-Edit"
            tabindex="0"
            title="Edit IUCN Classifications"
            type="button"
          >
            <span
              class="MuiButton-label"
            >
              <span
                class="MuiButton-startIcon MuiButton-iconSizeMedium"
              >
                <svg
                  role="presentation"
                  style="width: 1.3125rem; height: 1.3125rem;"
                  viewBox="0 0 24 24"
                >
                  <path
                    d="M14.06,9L15,9.94L5.92,19H5V18.08L14.06,9M17.66,3C17.41,3 17.15,3.1 16.96,3.29L15.13,5.12L18.88,8.87L20.71,7.04C21.1,6.65 21.1,6 20.71,5.63L18.37,3.29C18.17,3.09 17.92,3 17.66,3M14.06,6.19L3,17.25V21H6.75L17.81,9.94L14.06,6.19Z"
                    style="fill: currentColor;"
                  />
                </svg>
              </span>
              <strong>
                Edit
              </strong>
            </span>
            <span
              class="MuiTouchRipple-root"
            />
          </button>
        </div>
      </div>
      <hr
        class="MuiDivider-root MuiBox-root MuiBox-root-17"
      />
      <ul
        class="MuiList-root"
      >
        <li
          class="MuiListItem-root makeStyles-iucnListItem-15 MuiListItem-divider"
        >
          <p
            class="MuiTypography-root MuiTypography-body2"
          >
            classification 
            <span>
              &gt;
            </span>
             sub classification 1 
            <span>
              &gt;
            </span>
             sub classification 2
          </p>
        </li>
        <li
          class="MuiListItem-root makeStyles-iucnListItem-15 MuiListItem-divider"
        >
          <p
            class="MuiTypography-root MuiTypography-body2"
          >
            classification again 
            <span>
              &gt;
            </span>
             sub classification 1 again 
            <span>
              &gt;
            </span>
             sub classification 2 again
          </p>
        </li>
      </ul>
    </section>
    <section
      class="MuiBox-root MuiBox-root-18"
    >
      <div
        class="MuiBox-root MuiBox-root-19"
      >
        <div
          class="MuiToolbar-root MuiToolbar-regular"
          style="justify-content: space-between;"
        >
          <h3
            class="MuiTypography-root MuiTypography-h3 MuiTypography-colorInherit"
          >
            Project Permits
          </h3>
          <div
            class="MuiBox-root MuiBox-root-20"
          >
            <button
              aria-label="Edit Permits"
              class="MuiButtonBase-root MuiButton-root MuiButton-text sectionHeaderButton MuiButton-textPrimary"
              data-testid="h3-button-toolbar-Edit"
              id="h3-button-toolbar-Edit"
              tabindex="0"
              title="Edit Permits"
              type="button"
            >
              <span
                class="MuiButton-label"
              >
                <span
                  class="MuiButton-startIcon MuiButton-iconSizeMedium"
                >
                  <svg
                    role="presentation"
                    style="width: 1.3125rem; height: 1.3125rem;"
                    viewBox="0 0 24 24"
                  >
                    <path
                      d="M14.06,9L15,9.94L5.92,19H5V18.08L14.06,9M17.66,3C17.41,3 17.15,3.1 16.96,3.29L15.13,5.12L18.88,8.87L20.71,7.04C21.1,6.65 21.1,6 20.71,5.63L18.37,3.29C18.17,3.09 17.92,3 17.66,3M14.06,6.19L3,17.25V21H6.75L17.81,9.94L14.06,6.19Z"
                      style="fill: currentColor;"
                    />
                  </svg>
                </span>
                <strong>
                  Edit
                </strong>
              </span>
              <span
                class="MuiTouchRipple-root"
              />
            </button>
          </div>
        </div>
        <div
          class="MuiTableContainer-root"
        >
          <table
            class="MuiTable-root"
          >
            <thead
              class="MuiTableHead-root"
            >
              <tr
                class="MuiTableRow-root MuiTableRow-head"
              >
                <th
                  class="MuiTableCell-root MuiTableCell-head"
                  scope="col"
                >
                  Number
                </th>
                <th
                  class="MuiTableCell-root MuiTableCell-head"
                  scope="col"
                >
                  Type
                </th>
              </tr>
            </thead>
            <tbody
              class="MuiTableBody-root"
            >
              <tr
                class="MuiTableRow-root"
              >
                <td
                  class="MuiTableCell-root MuiTableCell-body"
                >
                  123
                </td>
                <td
                  class="MuiTableCell-root MuiTableCell-body"
                >
                  Permit type
                </td>
              </tr>
            </tbody>
          </table>
        </div>
      </div>
    </section>
    <section
      class="MuiBox-root MuiBox-root-21"
    >
      <div
        class="MuiToolbar-root MuiToolbar-regular"
        style="justify-content: space-between;"
      >
        <h3
          class="MuiTypography-root MuiTypography-h3 MuiTypography-colorInherit"
        >
          Funding Sources
        </h3>
        <div
          class="MuiBox-root MuiBox-root-23"
        >
          <button
            aria-label="Add Funding Source"
            class="MuiButtonBase-root MuiButton-root MuiButton-text sectionHeaderButton MuiButton-textPrimary"
            data-testid="h3-button-toolbar-AddFundingSource"
            id="h3-button-toolbar-AddFundingSource"
            tabindex="0"
            title="Add Funding Source"
            type="button"
          >
            <span
              class="MuiButton-label"
            >
              <span
                class="MuiButton-startIcon MuiButton-iconSizeMedium"
              >
                <svg
                  role="presentation"
                  style="width: 1.3125rem; height: 1.3125rem;"
                  viewBox="0 0 24 24"
                >
                  <path
                    d="M19,13H13V19H11V13H5V11H11V5H13V11H19V13Z"
                    style="fill: currentColor;"
                  />
                </svg>
              </span>
              <strong>
                Add Funding Source
              </strong>
            </span>
            <span
              class="MuiTouchRipple-root"
            />
          </button>
        </div>
      </div>
      <div
        class="MuiTableContainer-root"
      >
        <table
          class="MuiTable-root makeStyles-fundingSourceTable-22"
        >
          <thead
            class="MuiTableHead-root"
          >
            <tr
              class="MuiTableRow-root MuiTableRow-head"
            >
              <th
                class="MuiTableCell-root MuiTableCell-head"
                scope="col"
              >
                Agency
              </th>
              <th
                class="MuiTableCell-root MuiTableCell-head"
                scope="col"
                width="100px"
              >
                Project ID
              </th>
              <th
                class="MuiTableCell-root MuiTableCell-head"
                scope="col"
              >
                Amount
              </th>
              <th
                class="MuiTableCell-root MuiTableCell-head"
                scope="col"
              >
                Dates
              </th>
              <th
                class="MuiTableCell-root MuiTableCell-head MuiTableCell-alignCenter"
                scope="col"
                width="130px"
              >
                Actions
              </th>
            </tr>
          </thead>
          <tbody
            class="MuiTableBody-root"
          >
            <tr
              class="MuiTableRow-root"
            >
              <td
                class="MuiTableCell-root MuiTableCell-body"
              >
                agency name
                <em
                  class="MuiTypography-root MuiTypography-body2"
                >
                   (investment action)
                </em>
              </td>
              <td
                class="MuiTableCell-root MuiTableCell-body"
              >
                <p
                  class="MuiTypography-root MuiTypography-body2 MuiTypography-noWrap"
                >
                  ABC123
                </p>
              </td>
              <td
                class="MuiTableCell-root MuiTableCell-body"
              >
                $333
              </td>
              <td
                class="MuiTableCell-root MuiTableCell-body"
              >
                <p
                  class="MuiTypography-root MuiTypography-body2 MuiTypography-noWrap"
                >
                  Apr 14, 2000 - Apr 13, 2021
                </p>
              </td>
              <td
                class="MuiTableCell-root MuiTableCell-body MuiTableCell-alignCenter"
              >
                <button
                  aria-label="Edit Funding Source"
                  class="MuiButtonBase-root MuiIconButton-root"
                  data-testid="edit-funding-source"
                  tabindex="0"
                  title="Edit Funding Source"
                  type="button"
                >
                  <span
                    class="MuiIconButton-label"
                  >
                    <svg
                      role="presentation"
                      style="width: 1.3125rem; height: 1.3125rem;"
                      viewBox="0 0 24 24"
                    >
                      <path
                        d="M14.06,9L15,9.94L5.92,19H5V18.08L14.06,9M17.66,3C17.41,3 17.15,3.1 16.96,3.29L15.13,5.12L18.88,8.87L20.71,7.04C21.1,6.65 21.1,6 20.71,5.63L18.37,3.29C18.17,3.09 17.92,3 17.66,3M14.06,6.19L3,17.25V21H6.75L17.81,9.94L14.06,6.19Z"
                        style="fill: currentColor;"
                      />
                    </svg>
                  </span>
                  <span
                    class="MuiTouchRipple-root"
                  />
                </button>
                <button
                  aria-label="Remove Funding Source"
                  class="MuiButtonBase-root MuiIconButton-root"
                  data-testid="delete-funding-source"
                  tabindex="0"
                  title="Remove Funding Source"
                  type="button"
                >
                  <span
                    class="MuiIconButton-label"
                  >
                    <svg
                      role="presentation"
                      style="width: 1.3125rem; height: 1.3125rem;"
                      viewBox="0 0 24 24"
                    >
                      <path
                        d="M9,3V4H4V6H5V19A2,2 0 0,0 7,21H17A2,2 0 0,0 19,19V6H20V4H15V3H9M7,6H17V19H7V6M9,8V17H11V8H9M13,8V17H15V8H13Z"
                        style="fill: currentColor;"
                      />
                    </svg>
                  </span>
                  <span
                    class="MuiTouchRipple-root"
                  />
                </button>
              </td>
            </tr>
          </tbody>
        </table>
      </div>
    </section>
    <section
      class="MuiBox-root MuiBox-root-24"
    >
      <div
        class="MuiToolbar-root MuiToolbar-regular"
        style="justify-content: space-between;"
      >
        <h3
          class="MuiTypography-root MuiTypography-h3 MuiTypography-colorInherit"
        >
          Partnerships
        </h3>
        <div
          class="MuiBox-root MuiBox-root-25"
        >
          <button
            aria-label="Edit Partnerships"
            class="MuiButtonBase-root MuiButton-root MuiButton-text sectionHeaderButton MuiButton-textPrimary"
            data-testid="h3-button-toolbar-Edit"
            id="h3-button-toolbar-Edit"
            tabindex="0"
            title="Edit Partnerships"
            type="button"
          >
            <span
              class="MuiButton-label"
            >
              <span
                class="MuiButton-startIcon MuiButton-iconSizeMedium"
              >
                <svg
                  role="presentation"
                  style="width: 1.3125rem; height: 1.3125rem;"
                  viewBox="0 0 24 24"
                >
                  <path
                    d="M14.06,9L15,9.94L5.92,19H5V18.08L14.06,9M17.66,3C17.41,3 17.15,3.1 16.96,3.29L15.13,5.12L18.88,8.87L20.71,7.04C21.1,6.65 21.1,6 20.71,5.63L18.37,3.29C18.17,3.09 17.92,3 17.66,3M14.06,6.19L3,17.25V21H6.75L17.81,9.94L14.06,6.19Z"
                    style="fill: currentColor;"
                  />
                </svg>
              </span>
              <strong>
                Edit
              </strong>
            </span>
            <span
              class="MuiTouchRipple-root"
            />
          </button>
        </div>
      </div>
      <dl
        class="ddInline"
      >
        <div
          class="MuiGrid-root MuiGrid-container MuiGrid-spacing-xs-2"
        >
          <div
            class="MuiGrid-root MuiGrid-item MuiGrid-grid-xs-12"
          >
            <dt
              class="MuiTypography-root MuiTypography-subtitle2 MuiTypography-colorTextSecondary"
            >
              Indigenous Partnerships
            </dt>
            <dd
              class="MuiTypography-root MuiTypography-body1"
            >
              partner 1
            </dd>
            <dd
              class="MuiTypography-root MuiTypography-body1"
            >
              partner 2
            </dd>
          </div>
          <div
            class="MuiGrid-root MuiGrid-item MuiGrid-grid-xs-12"
          >
            <dt
              class="MuiTypography-root MuiTypography-subtitle2 MuiTypography-colorTextSecondary"
            >
              Other Partnerships
            </dt>
            <dd
              class="MuiTypography-root MuiTypography-body1"
            >
              partner 3
            </dd>
            <dd
              class="MuiTypography-root MuiTypography-body1"
            >
              partner 4
            </dd>
          </div>
        </div>
      </dl>
    </section>
  </div>
</DocumentFragment>
`;
