// Jest Snapshot v1, https://goo.gl/fbAQLP

exports[`PublicProjectCoordinator renders correctly 1`] = `
<DocumentFragment>
  <div
    class="MuiBox-root MuiBox-root-1"
  >
    <div
      class="MuiBox-root MuiBox-root-2"
    >
      <h3
        class="MuiTypography-root MuiTypography-h3"
      >
        Project Contact
      </h3>
    </div>
    <dl>
      <div
        class="MuiGrid-root MuiGrid-container MuiGrid-spacing-xs-2"
      >
        <div
          class="MuiGrid-root MuiGrid-item MuiGrid-grid-xs-12 MuiGrid-grid-sm-6 MuiGrid-grid-md-4"
        >
          <dt
            class="MuiTypography-root MuiTypography-subtitle2 MuiTypography-colorTextSecondary"
          >
            Name
          </dt>
          <dd
            class="MuiTypography-root MuiTypography-body1"
          >
            Amanda Christensen
          </dd>
        </div>
        <div
          class="MuiGrid-root MuiGrid-item MuiGrid-grid-xs-12 MuiGrid-grid-sm-6 MuiGrid-grid-md-4"
        >
          <dt
            class="MuiTypography-root MuiTypography-subtitle2 MuiTypography-colorTextSecondary"
          >
            Email Address
          </dt>
          <dd
            class="MuiTypography-root MuiTypography-body1"
          >
            amanda@christensen.com
          </dd>
        </div>
        <div
          class="MuiGrid-root MuiGrid-item MuiGrid-grid-xs-12 MuiGrid-grid-sm-6 MuiGrid-grid-md-4"
        >
          <dt
            class="MuiTypography-root MuiTypography-subtitle2 MuiTypography-colorTextSecondary"
          >
            Agency
          </dt>
          <dd
            class="MuiTypography-root MuiTypography-body1"
          >
            Amanda and associates
          </dd>
        </div>
      </div>
    </dl>
  </div>
</DocumentFragment>
`;
