// Jest Snapshot v1, https://goo.gl/fbAQLP

exports[`FundingSource renders correctly 1`] = `
<DocumentFragment>
  <ul
    class="MuiList-root"
  >
    <li
      class="MuiListItem-root MuiListItem-divider"
    >
      <div
        class="MuiBox-root MuiBox-root-2"
      >
        <div
          class="MuiBox-root MuiBox-root-3"
        >
          <span
            class="MuiTypography-root MuiTypography-body1"
          >
            agency name
            <span
              class="MuiTypography-root MuiTypography-body1"
            >
               (investment action)
            </span>
          </span>
        </div>
        <dl
          class="MuiBox-root MuiBox-root-4 makeStyles-fundingSourceMeta-1"
        >
          <div
            class="MuiGrid-root MuiGrid-container MuiGrid-spacing-xs-1"
          >
            <div
              class="MuiGrid-root MuiGrid-item MuiGrid-grid-sm-6"
            >
              <dt
                class="MuiTypography-root MuiTypography-subtitle2 MuiTypography-colorTextSecondary"
              >
                Project ID
              </dt>
              <dd
                class="MuiTypography-root MuiTypography-body1"
              >
                ABC123
              </dd>
            </div>
            <div
              class="MuiGrid-root MuiGrid-item MuiGrid-grid-sm-6"
            >
              <dt
                class="MuiTypography-root MuiTypography-subtitle2 MuiTypography-colorTextSecondary"
              >
                Timeline
              </dt>
              <dd
                class="MuiTypography-root MuiTypography-body1"
              >
                Apr 14, 2000 - Apr 13, 2021
              </dd>
            </div>
            <div
              class="MuiGrid-root MuiGrid-item MuiGrid-grid-sm-12"
            >
              <dt
                class="MuiTypography-root MuiTypography-subtitle2 MuiTypography-colorTextSecondary"
              >
                Funding Amount
              </dt>
              <dd
                class="MuiTypography-root MuiTypography-body1"
              >
                $333
              </dd>
            </div>
          </div>
        </dl>
      </div>
    </li>
  </ul>
</DocumentFragment>
`;
