// Jest Snapshot v1, https://goo.gl/fbAQLP

exports[`NotFoundPage renders correctly 1`] = `
<DocumentFragment>
  <div
    class="MuiContainer-root MuiContainer-maxWidthLg"
  >
    <div
      class="MuiGrid-root MuiGrid-container"
    >
      <div
        class="MuiGrid-root MuiGrid-item"
      >
        <h1>
          Access Denied
        </h1>
        <h2>
          You do not have permission to view this page
        </h2>
        <a
          href="/projects"
        >
          Go back to the projects page
        </a>
      </div>
    </div>
  </div>
</DocumentFragment>
`;
